# mein3
Tilgungsplan
Periode 	Rate (EUR) 	Zinsanteil (EUR) 	Tilgungsanteil (EUR) 	Restschuld am Periodenende (EUR)
Apr 2016           100,00               0,00                 100,00                    900,00
Mai 2016           100,00               0,00                 100,00                    800,00
Jun 2016           100,00               0,00                 100,00                    700,00
Jul 2016           100,00               0,00                 100,00                    600,00
Aug 2016           100,00               0,00                 100,00                    500,00
Sep 2016           100,00               0,00                 100,00                    400,00
Okt 2016           100,00               0,00                 100,00                    300,00
Nov 2016           100,00               0,00                 100,00                    200,00
Dez 2016           100,00               0,00                 100,00                    100,00
Jan 2017           100,00               0,00                 100,00                      0,00
GESAMT: 10 Monatsraten: 1.000,00   davon Zinsen: 0,00  für ein Darlehen über 1.000,00
